Mdd, Mdd, Mdd, Mdd, Mdd, Mdd, Mdd, Mdd, Hhd, Hd, Hd, Gd, Hd, Hd, Hd, Dd, Rd, Dd, Dd, Dd, Dd, Dd
Mdd, Mdd, Mdd, Mdd, Mdd, Hhd, Hhd, Hhd, Dd, Hd, Mdd, Mdd, Hhd, Hhd, Hhd^Edpp, Dd, Rd, Dd, Ds, Dd, Mdd, Dd^Es
Mdd, Mdd, Mdd, Mdd, Mdd, Mdd, Hhd, Hhd, Dd^Es, Dd, Mdd, Mdd, Mdd, Hhd, Gd, Ds, Rd, Ce^Vda, Hhd^Edpp, Dd^Es, Mdd, Mdd
Mdd, Mdd, Mdd, Mdd, Mdd, Hhd, Hhd, Ds^Es, Ds^Es, Mdd, Mdd, Mdd, Hhd, Hhd, Rd, Rd, Gd, Gd, Hhd, Mdd, Mdd, Mdd
Mdd, Mdd, Mdd^Vct, 1 Mdd^Vct, Mdd, Mdd, Hhd, Hhd, Dd, Mdd, Mdd, Hhd, Gd, Gd, Rd, Gd, Hhd, Hhd, Mdd, Mdd, Mdd, Mdd
Mdd, Mdd, Mdd, Mdd^Vct, Mdd, Mdd, Mdd, Mdd, Dd, Ds, Hhd, Hhd, Rd, Rd, Gd, Gd^Edpp, Hhd, Mdd, Mdd, Mdd, Mdd, Mdd
Mdd, Mdd, Mdd, Mdd, Mdd, Ds^Es, Dd, Ds, Gd, Gd, Gd, Gd, Rd, Gd, Gd, Hhd, Mdd, Mdd, Mdd, Mdd, Mdd, Mdd
Mdd, Mdd, Mdd, Mdd, Mdd, Mdd, Ds, Ds, Gs^Edpp, Ce^Vda, Rd, Rd, Gd, Gd, Hhd, Hhd, Mdd, Mdd, Mdd, Mdd, Mdd, Mdd
Hhd, Mdd, Hhd, Mdd, Mdd, Mdd, Gd, Gd, Gs, Rd, Gd^Edp, Gd, Hhd, Hhd, Hhd, Mdd, Mdd, Mdd, Mdd, Mdd, Hhd^Fts, Mdd
Hhd, Hhd, Hhd, Gd^Fts, Gd^Fts, Gd^Fts, Gd^Fts, Gs, Gs, Rd, Rd, Gd, Gd, Mdd, Mdd, Mdd, Mdd, Mdd, Hhd^Fts, Hhd^Fts, Hhd^Fts, Hhd^Fts
Gd, Hhd, Gd^Fts, Gd^Fts, Hhd, Gd^Fts, Hhd, Gd^Fts, Gd, Gd, Gd, Rd, Gd, Mdd, Mdd, Mdd, Mdd, Mdd, Hhd^Fts, Hhd^Fts, Mdd^Edpp, Hhd
Gs, Gs, Gd^Fts, Hhd, Hhd, Hhd, Mdd, Mdd, Mdd, Gd, Gd^Edp, Rd, Ds, Ds, Mdd, Mdd, Hhd, Mdd, Hhd^Fts, Hhd^Fts, Hhd^Fts, Hhd^Fts
Gs, Gs, Gs, Hhd, Hhd^Fts, Mdd, Hhd^Fts, Mdd, Mdd, Hhd, Gd, Rd, Ds, Dd^Es, Hhd, Mdd, Mdd, Hhd, Gd^Fts, Hhd^Fts, Hhd^Fts, Hhd^Fts
Gs, Gs, Gs, Hhd^Fts, Gs, Gd^Fts, Hhd^Fts, Hhd, Hhd, Gd, Rd, Rd, Hhd, Hhd, Hhd^Fts, Mdd, Mdd, Hhd^Edpp, Gd^Fts, Hhd^Fts, Hhd^Fts, Hhd^Fts
Gd^Fts, Gd^Fts, Gd^Fts, Gs, Gd^Fts, Gs, Gs, Gs, Gs, Rd, Gd, Gd, Hhd, Hhd^Fts, Hhd^Fts, Mdd, Hhd, Hhd, Gs^Vc, Gd^Fts, Hhd^Fts, Hhd^Fts
Gd^Fts, Gd^Fts, Gd^Fts, Gd^Fts, Gs, Gs, Gs, Gs^Edpp, Rd, Rd, Gd, Hhd, Gs^Edpp, Hhd^Fts, Mdd, Mdd, Hhd^Fts, Gs, Gs, Gd^Fts, Hhd, Hhd
Gs, Gd^Fts, Gs, Gs, Gd^Fts, Gs, Gs, Gd, Rd, Gd, Gs, Gs, Hhd, Hhd, Hhd, Hhd, Hhd, Gs, Hhd, Gs^Edpp, Gd^Fts, Hhd
Gd, Gs, Gs, Gd^Fts, Gd^Fts, Gd^Fts, Gs, Ce^Vda, Rd, Gd, Gs, Gs, Hhd^Fts, Hhd^Fts, Gd^Fts, Gd^Fts, Gd^Fts, Gd^Fts, Hhd, Hhd, Hhd, Hhd
Gd, Gd^Fts, Gd, Gs, Gs, Gs, Gs, Rd, Gd^Edpp, Gs, Gs, Gs, Gd^Fts, Gd^Fts, Gd^Fts, Gd^Fts, Gd^Fts, Gd^Fts, Hhd^Fts, Hhd^Fts, Hhd, Hhd
Gd, Gd, Gd, Gs, Gd, Gs, Rd, 2 Rd, Gd, Gd, Gd, Gd^Fts, Gs, Gs, Gs, Gs, Gs, Hhd^Fts, Hhd, Hhd^Fts, Gd^Fts, Hhd
Gd, Gd, Gd, Gd, Gd, Gd, Rd, Gd, Gd, Gd, Gd, Gd, Gd, Gs, Gd, Gs, Gd, Hhd, Gd, Gd^Fts, Gd, Hhd
