Mdd, Gd, Mdd, Hhd, Hhd, Gd, Hhd^Fts, Hhd^Fts, Hhd^Fts, Gd, Gd^Fts, Gd, Gs^Fts, Gs, Gd^Fts, Gd^Fts, Gd^Fts, Gd, Gd^Fts, Gd, Gd, Rd, Rd, Gs, Gs, Gd, Gs^Fts, Gd, Hhd^Fts, Hhd, Hhd^Fts, Hhd, Mdd, Gd, Mdd, Hhd, Mdd
Mdd, Mdd^Xm, Mdd^Xm, Mdd, Hhd, Hhd, Mdd, Hhd^Fts, Hhd^Fts, Hhd^Fts, Hhd^Fts, Hhd^Fts, Gs^Fts, Gs^Fts, Gs, Gs, Gd^Fts, Gd^Fts, Gd^Fts, Gs, Gs, Rd, Rd, Gs^Vh, Gs, Gs^Fts, Hhd^Fts, Hhd^Fts, Hhd^Fts, Hhd^Fts, Hhd^Fts, Mdd, Mdd, Mdd, Mdd, Mdd, Mdd
Mdd, Mdd, Mdd, Mdd, Hhd, Hhd, Hhd, Mdd, Mdd, Hhd^Fts, Hhd^Fts, Gd^Fts, Gd^Fts, Gd, Gd^Fts, Gd, Gd, Gd, Gd^Fts, Gd^Fts, Gs, Gs, Rd, Gs, Gs^Fts, Gs^Fts, Hhd, Hhd^Fts, Hhd^Fts, Hhd^Fts, Mdd, Mdd^Xm, Mdd, Mdd, Mdd, Mdd, Mdd
Hhd, Hhd, Mdd, Hhd, Mdd, Hhd, Mdd, Mdd, Mdd, Hhd^Fts, Hhd^Fts, Gd^Fts, Hhd, Gd^Fts, Mdd, Hhd, Hhd, Gd, Gd, Gs, Gs, Rd, Gs, Gs, Gs, Hhd, Hhd, Hhd^Fts, Hhd^Fts, Hhd^Fts, Mdd, Mdd, Hhd, Hhd, Hhd^Fts, Hhd^Fts, Hhd^Fts
Mdd, Hhd, Hhd, Hhd, Mdd, Mdd, Mdd, Mdd^Xm, Mdd^Xm, Mdd, Hhd^Fts, Hhd^Fts, Hhd, Mdd, Mdd, Mdd, Hhd, Gd, Gd^Vhr, Gs, Rd, Rd, Gs, Gs, Hhd, Hhd, Mdd^Xm, Mdd, Hhd^Fts, Hhd^Fts, Hhd, Mdd, Hhd, Hhd^Fts, Mdd, Hhd^Fts, Hhd
Mdd, Hhd, Hhd, Mdd, Mdd, Mdd, Hhd, Mdd, Mdd, Mdd^Xm, Mdd, Mdd, Hhd^Fts, Hhd, Hhd, Hhd, Gd, Gd, Gd, Rd, Gd, Gd, Gd^Fts, Hhd, Gd^Fts, Mdd, Mdd, Mdd, Mdd, Hhd^Fts, Hhd, Hhd, Hhd, Hhd, Mdd, Mdd^Xm, Mdd
Mdd, Mdd, Hhd, Mdd, Mdd, Hhd, Hhd^Vhr, Mdd, Mdd, Mdd, Mdd, Hhd^Fts, Hhd^Fts, Hhd, Hhd, Gd, Gd^Fts, Gd^Fts, Gd, Rd, Gd, Gd, Gd^Fts, Gd^Fts, Hhd, Mdd, Hhd, Hhd, Hhd, Hhd, Gs, Gs, Gs, Hhd^Fts, Mdd, Mdd, Mdd
Hhd, Mdd, Hhd, Hhd, Gd^Fts, Gd^Edpp, Gd^Edpp, Hhd, Mdd, Mdd, Hhd, Hhd, Hhd, Gd^Fts, Gd^Fts, Gd, Gd, Gd^Fts, Gd, Rd, Rd, Gd, Gd, Gd^Vhr, Gd^Fts, Mdd, Hhd, Hhd, Hhd, Hhd, Gd, 1 Gd, Gs, Mdd, Hhd, Mdd, Hhd
Hhd, Hhd, Hhd^Vhr, Gd^Fts, Ce, 2 Ke, Ce, Gd^Edpp, Hhd^Vhr, Mdd, Hhd^Fts, Hhd, Gd^Edpp, Gd^Fts, Gd^Edpp, Gd^Fts, Gd, Gd, Gd, Gd, Rd, Rd, Rd, Gd, Gd, Hhd, Hhd, Gd^Fts, Gd^Fts, Gd^Fts, Gd, Gd, Hhd, Mdd, Hhd, Hhd, Gd^Fts
Mdd, Hhd, Hhd, Gd^Fts, Gd^Edpp, Ce, Gd, Gd, Hhd^Fts, Mdd, Hhd^Fts, Gd^Fts, Gd^Edpp, Hhd, Gd^Vhr, Gd^Edpp, Gd, Gd^Fts, Gd, Rd, Gd, Gd, Gd, Rd, Gd, Gd, Gd, Gd^Fts, Gd, Gd, Gd, Gd, Hhd, Hhd, Gd, Gd^Fts, Gd
Mdd, Mdd, Hhd, Hhd, Gd^Edb, Rd, Gd, Hhd, Hhd, Ce, Gd^Fts, Gd^Fts, Gd, Gd, Gd, Gd, Gd^Edpp, Gd, Rd, Rd, Gd^Edpp, Gd^Vhr, Gd, Rd, Rd, Gd, Gd, Gd, Gd^Edpp, Gd^Fts, Gd, Gd, Rd, Rd, Rd, Gd, Rd
Hhd, Hhd, Gd^Fts, Ce, Gd, Rd, Rd, Ce, Rd, Gd^Edpp, Gd, Gd, Rd, Rd, Rd, Rd, Rd, Rd, Gd^Edpp, Gd, Gd, Rd, Rd, Gd, Gd, Rd, Rd, Gd^Edpp, Gd^Edpp, Gd, Gd, Gd, Rd, Dd^Edpp, Rd^Edpp, Rd, Dd
Gd^Fts, Hhd, Gd^Fts, Gd^Edpp, Gd^Edpp, Ce, Gd^Edb, Rd, Gd, Rd, Rd, Rd, Gd, Gd, Gd, Gd, Gd, Gd^Edpp, Gd, Rd, Gd^Edpp, Rd, Gd, Gd, Gd^Edpp, Gd, Rd, Gd, Gd, Rd, Gd^Edpp, Rd^Edpp, Rd, Dd^Edpp, Dd, Rd^Edpp, Dd
Hhd, Gd^Fts, Gd^Fts, Gd^Fts, Gd^Vhr, Gd^Edb, Gd, Gd, Gd^Fts, Gd^Edb, Gd, Gd, Gd^Fts, Gd, Rd, Gd, Rd, Gd, Dd, Rd, Dd^Esd, Dd, Rd^Edpp, Rd^Edpp, Gd^Edpp, Dd, Rd, Gd, Rd, Dd, Rd, Rd^Edpp, Rd, Dd, Dd, Dd, Dd
Gd, Gd^Fts, Gd, Gd, Gd, Gd, Gd, Gd^Fts, Gd, Gd, Gd^Edpp, Gd, Gd, Gd, Gd, Gd, Rd, Dd^Edpp, Dd^Edpp, Dd^Esd, Dd^Esd, Rd^Edpp, Rd, Rd, Dd, Rd, Rd, Rd, Dd, Dd, Dd, Dd, Dd, Dd, Dd^Do, Dd, Dd
Gd, Gd, Rd, Gd, Gd^Edpp, Gd^Edpp, Rd^Edpp, Gd, Gd, Rd, Gd, Gd, Rd, Gd, Dd, Dd^Edpp, Rd, Rd^Edpp, Dd, Dd, Dd, Dd, Dd, Rd, Dd, Dd, Dd^Esd, Rd, Rd, Dd^Vdt, Dd, Dd, Dd, Dd, Dd, Dd, Dd
Dd, Rd, Dd^Edpp, Gd, Rd, Gd^Edpp, Dd, Rd, Rd, Gd, Gd, Rd, Rd^Edpp, Rd, Rd, Rd, Rd, Dd, Dd, Dd, Dd, Dd, Dd, Dd, Dd, Dd, Dd^Esd, Dd^Esd, Rd, Dd, Dd, Dd, Dd, Dd, Dd^Vdt, Dd, Dd
Dd, Dd, Rd, Gd, Rd, Gd, Gd, Rd, Rd, Dd, Rd, Dd^Edpp, Dd, Dd^Edpp, Dd, Dd, Dd, Dd, Dd, Dd^Do, Hd, Hd, Hd, Hd, Dd, Dd, Dd, Dd, Rd, Dd, Cer, Cer, Dd^Ecf, Dd, Hd, Hd, Dd
Rd^Edpp, Rd^Edpp, Dd^Edpp, Rd^Esd, Rd^Esd, Rd, Dd^Edpp, Rd^Edpp, Dd, Dd, Dd, Dd, Dd^Esd, Dd, Hd^Esd, Dd, Dd, Dd, Dd^Edp, Dd, Dd, Dd, Dd, Dd, Dd, Dd, Rd, Rd, Dd, Dd, Cer, 3 Ke, Dd, Hd, Hd, Hd, Dd
Dd, Dd, Dd, Dd^Esd, Dd^Esd, Dd, Dd, Dd, Dd, Dd, Dd^Vdt, Dd, Dd, Hd^Esd, Hd, Dd, Dd, Dd^Edp, Dd^Edp, Dd, Dd, Dd^Vdt, Dd, Dd, Dd, Rd, Dd, Dd, Dd, Dd, Dd^Do, Dd^Ecf, Dd, Hd, Dd, Dd, Dd
Hd, Hd, Hd, Hd, Dd, Dd, Dd, Dd, Dd^Dc, Dd, Dd, Dd, Hd, Hd, Dd, Dd, Dd, Dd^Edp, Dd, Dd, Dd, Dd, Dd, Dd, Rd, Rd, Dd, Dd^Edp, Dd, Dd, Dd, Dd, Dd, Dd^Vdt, Dd, Dd, Dd
Dd, Hd, Hd, Dd, Dd, Dd^Esd, Cer, Dd^Esd, Dd, Dd, Dd^Edp, Dd, Dd, Hd, Dd, Dd, Dd, Dd, Cer, Cer, Cer, Dd, Rd, Rd, Dd^Esd, Dd^Esd, Dd, Dd, Dd, Dd, Dd^Edp, Dd, Hd, Dd, Dd, Dd, Dd
Hd, Hd, Dd^Vdt, Dd, Dd, Cer, 5 Ke, Cer, Dd, Dd, Dd^Edp, Dd^Edp, Dd, Dd, Dd^Vdt, Dd, Dd, Dd, Dd^Ecf, 4 Ke, Dd^Ecf, Dd, Rd, Dd, Dd, Dd^Esd, Dd, Dd^Vdt, Dd, Dd, Dd, Dd, Hd, Dd, Dd, Dd, Hd
Hd, Hd, Dd, Dd, Dd, Dd^Ecf, Dd, Dd^Ecf, Dd, Dd, Dd, Dd, Dd, Dd, Dd, Dd, Hd, Dd, Hd, Dd, Dd, Dd, Dd, Rd, Dd, Hd, Hd, Dd, Hd, Hd, Hd, Hd, Hd, Hd, Hd, Hd, Hd
Hd, Hd, Dd, Dd, Dd, Dd, Dd, Dd, Dd, Hd, Hd, Hd, Hd, Hd, Hd, Hd, Hd, Hd, Hd, Hd, Dd, Dd, Dd, Rd, Dd, Hd, Hd, Hd, Hd, Hd, Dd, Hd, Hd, Hd, Hd, Hd, Gd
Hd, Hd, Hd, Hd, Hd, Hd, Dd, Dd, Hd, Hd, Hd, Hd, Hd, Hd, Dd, Hd, Dd, Dd, Dd, Dd, Dd, Dd, Dd, Rd, Rd, Hd, Hd, Hd, Dd, Dd, Dd^Vdt, Dd, Dd, Dd, Dd, Hd, Dd
Hd, Hd, Hd, Hd, Dd, Hd, Dd, Dd, Hd, Hd, Dd, Hd, Hd, Hd, Dd, Dd^Vdt, Dd, Dd, Hd, Hd, Dd, Dd, Dd, Dd, Rd, Hd, Dd, Dd, Dd, Dd, Dd, Dd, Dd, Dd, Dd, Dd, Dd
Hd, Hd, Dd, Dd, Dd, Dd^Vdt, Dd, Dd, Dd, Dd, Dd, Dd, Dd, Dd, Hd, Dd, Hd, Hd, Hd, Hd, Dd, Dd, Dd, Dd, Rd, Dd, Dd, Dd, Dd, Dd, Dd, Dd, Dd, Dd, Dd, Dd, Dd
Hd, Dd, Dd, Dd, Dd, Dd, Dd, Dd, Dd, Dd, Dd, Dd, Hd, Hd, Hd, Hd, Hd, Hd, Hd, Hd, Dd, Dd, Dd, Dd, Dd, Rd, Dd, Dd, Dd, Dd, Dd, Dd, Dd, Dd, Dd, Dd, Dd
