Urb^_s, Urb^_s, Urb^_s, Urb^_s, Urb^_s, Urb^_s, Urb^_s, Urb^_s, Urb^_s, Urb^_s, Urb^_s, Urb^_s, Urb^_s, Urb^_s, Urb^_s, Urb^_s, Urb^_s, Urb^_s, Urb^_s, Urb^_s, Urb^_s, Urb^_s, Urb^_s, Urb^_s, Urb^_s, Urb^_s, Urb^_s, Urb^_s, Urb^_s, Urb^_s, Urb^_s, Urb^_s, Urb^_s, Urb^_s, Urb^_s, Urb^_s, Urb^_s, Urb^_s, Urb^_s
Urb^_s, Urb^_s, Urb^_s, Urb^_s, Urb^_s, Urb^_s, Urb^_s, Urb^_s, Urb^_s, Urb^_s, Urb^_s, Urb^_s, Urb^_s, Urb^_s, Urb^_s, Urb^_s, Urb^_s, Dd^_s, Rd^_s, Dd^_s, Rd^_s, Dd^_s, Urb^_s, Urb^_s, Urb^_s, Urb^_s, Urb^_s, Urb^_s, Urb^_s, Urb^_s, Urb^_s, Urb^_s, Urb^_s, Urb^_s, Urb^_s, Urb^_s, Urb^_s, Urb^_s, Urb^_s
Urb^_s, Urb^_s, Urb^_s, Urb^_s, Urb^_s, Urb^_s, Urb^_s, Urb^_s, Urb^_s, Urb^_s, Urb^_s, Dd^_s, Urb^_s, Dd^_s, Rd^_s, Rd^_s, Rd^_s, Rd^_s, Hd, Rd^_s, Hd, Rd^_s, Rd^_s, Rd^_s, Rd^_s, Dd^_s, Urb^_s, Dd^_s, Urb^_s, Urb^_s, Urb^_s, Urb^_s, Urb^_s, Urb^_s, Urb^_s, Urb^_s, Urb^_s, Urb^_s, Urb^_s
Urb^_s, Urb^_s, Urb^_s, Urb^_s, Urb^_s, Urb^_s, Urb^_s, Urb^_s, Urb^_s, Dd^_s, Rd^_s, Rd^_s, Rd^_s, Rd^_s, Dd, Dd^Dc, Dd, Hd, Mdd, Mdd, Mdd, Hd, Hd, Dd, Rd, Rd^_s, Rd^_s, Rd^_s, Rd^_s, Dd^_s, Urb^_s, Urb^_s, Urb^_s, Urb^_s, Urb^_s, Urb^_s, Urb^_s, Urb^_s, Urb^_s
Urb^_s, Urb^_s, Urb^_s, Urb^_s, Urb^_s, Urb^_s, Urb^_s, Urb^_s, Urb^_s, Rd^_s, Rd, Rd, Rd, Dd, Ds, Dd, Hd, Hd, Mdd, Mdd, Hd, Hd, Dd, Dd, Rd, Rd, Rd, Ds, Dd, Rd^_s, Urb^_s, Urb^_s, Urb^_s, Urb^_s, Urb^_s, Urb^_s, Urb^_s, Urb^_s, Urb^_s
Urb^_s, Urb^_s, Urb^_s, Urb^_s, Urb^_s, Urb^_s, Urb^_s, Dd^_s, Rd^_s, Rd^_s, Dd, Rd, Dd, Dd, Dd, Dd, Dd, Hd, Hd, Hd, Dd, Dd, Rd, Rd, Rd, Rd, Dd, Dd, Dd, Rd^_s, Rd^_s, Dd^_s, Urb^_s, Urb^_s, Urb^_s, Urb^_s, Urb^_s, Urb^_s, Urb^_s
Urb^_s, Urb^_s, Urb^_s, Urb^_s, Urb^_s, Urb^_s, Urb^_s, Rd^_s, Dd, Dd, Dd^Dc, Dd, Dd, Dd^Esd, Dd, Dd, 2 Ds^Edb, Hd, Hd, Hd, Dd^Edp, Rd, Dd, Dd, Dd, Dd, Hd, Dd, Rd, Rd, Dd, Rd^_s, Urb^_s, Urb^_s, Urb^_s, Urb^_s, Urb^_s, Urb^_s, Urb^_s
Urb^_s, Urb^_s, Urb^_s, Urb^_s, Urb^_s, Dd^_s, Rd^_s, Rd^_s, Dd, Dd, Dd^Edb, Dd, Hd, Hd, Dd, Dd, Dd, Hd, Dd, Ds^Edb, Dd, Dd, Hd, Dd^Dc, Hd, Hd, Dd, Dd^Esd, Rd, Rd, Dd, Rd^_s, Rd^_s, Dd^_s, Urb^_s, Urb^_s, Urb^_s, Urb^_s, Urb^_s
Urb^_s, Urb^_s, Urb^_s, Urb^_s, Rd^_s, Rd^_s, Dd, Ds, Dd, Dd, Hd, Hd, Hd, Dd, Dd, Dd, Dd, Dd, Dd, Dd, Dd, Hd, Hd, Mdd, Hd, Hd, Dd, Dd, Rd, Ds, Hd, Dd, Mdd, Rd^_s, Rd^_s, Urb^_s, Urb^_s, Urb^_s, Urb^_s
Urb^_s, Urb^_s, Urb^_s, Dd^_s, Rd^_s, Dd, Dd, Ds^Edb, Ds, Dd^Esd, Hd, Hd, Dd, Ds, Dd^Edp, Dd, Dd, Dd, Ds, Dd, Hd, Hd, Hd, Hd, Dd^Edb, Dd, Dd, Rd, Dd, Dd^Esd, Hd, Mdd, Mdd, Mdd, Rd^_s, Dd^_s, Urb^_s, Urb^_s, Urb^_s
Urb^_s, Urb^_s, Urb^_s, Rd^_s, Dd, Dd, Dd, Dd, Hd, Hd, Hd, Hd, Dd, Dd, Rd, Rd, Dd, Dd, Dd, Hd, Mdd, Mdd, Hd, Hd, Dd^Esd, Dd, Dd, Dd, Hd, Hd, Hd, Mdd, Hd, Hd, Dd, Rd^_s, Urb^_s, Urb^_s, Urb^_s
Urb^_s, Urb^_s, Urb^_s, Rd^_s, Dd, Dd, Dd, Dd, Hd, Mdd, Hd, Dd, Dd, Rd, Rd, Dd, Dd, Dd, Hd, Hd, Mdd, Hd, Hd, Dd, Dd^Edb, Dd, Dd, Dd, Hd, Hd, Dd^Edp, Hd, Dd, Dd, Dd, Rd^_s, Urb^_s, Urb^_s, Urb^_s
Urb^_s, Urb^_s, Urb^_s, Rd^_s, Dd, Dd, Dd^Edb, Dd^Esd, Hd, Hd, Dd, Dd, Rd, Rd, Dd, Dd, Dd^Esd, Dd, Hd, Mdd, Dd, Dd^Esd, Dd, Dd, Dd, Dd, Dd, Hd, Dd, Dd, Dd, Dd, Dd, Dd, Dd, Rd^_s, Urb^_s, Urb^_s, Urb^_s
Urb^_s, Urb^_s, Rd^_s, Rd^_s, Dd^Edb, Dd, Dd, Hd, Dd, Dd, Dd, Dd, Rd, Rd, Dd^Edp, Dd^Edp, Hd, Hd, Hd, Hd, Dd, Dd, Dd, Dd^Edb, Rd, Dd, Dd^Edp, Dd, Dd, Dd, Dd, Dd^Dc, Dd, Dd, Dd^Edp, Rd^_s, Rd^_s, Urb^_s, Urb^_s
Urb^_s, Urb^_s, Rd^_s, Dd, Dd, Dd, Hd, Hd, Dd, Dd, Dd, Rd, Rd, Rd, Rd, Dd, Dd, Dd, Dd, Dd, Dd, Rd, Rd, Rd, Dd^Edp, Ds, Dd, Dd, Dd, Dd, Dd, Dd, Dd^Esd, Rd, Rd, Ds, Rd^_s, Urb^_s, Urb^_s
Urb^_s, Rd^_s, Dd, Dd^Esd, Dd^Edb, Dd, Dd, Dd^Edp, Ds, Ds, Rd, Rd, Ds^Edb, Dd, Dd^Edp, Dd, Dd, Dd, Dd, Dd, Rd, Rd, Rd, Rd, Dd, Dd^Edb, Hd, Hd, Hd, Hd, Dd^Edb, Dd^Edb, Rd, Rd, Rd, Dd, Dd, Rd^_s, Urb^_s
Urb^_s, Rd^_s, Dd, Dd, Rd, Dd, Dd, Dd, Dd^Edb, Dd, Rd, Dd, Dd, Dd^Edb, Dd^Esd, Dd, Dd, Dd^Edb, Dd, 1 Dd^Edb, Rd, Rd, Rd, Dd, Dd, Hd, Mdd, Hd, Hd, Dd^Edb, Dd^Edp, Dd, Rd, Rd, Rd, Dd, Dd, Rd^_s, Urb^_s
Urb^_s, Rd^_s, Rd^_s, Rd, Rd, Dd, Dd, Dd, Dd, Dd, Dd, Dd, Hd, Hd, Hd, Hd, Dd, Dd, Dd, Rd, Rd, Rd, Dd, Dd, Hd, Hd, Mdd, Mdd, Hd, Dd, Dd, Rd, Rd, Rd, Dd, Dd^Esd, Rd^_s, Rd^_s, Urb^_s
Urb^_s, Urb^_s, Rd^_s, Rd, Dd, Rd, Dd, Dd^Edb, Dd, Dd, Hd, Dd, Hd, Hd, Hd, Dd^Edb, Dd, Dd, Rd, Rd, Rd, Dd, Dd, Dd, Hd, Mdd, Hd, Hd, Dd^Edb, Dd, Rd, Rd, Rd, Dd^Edp, Dd, Dd^Esd, Rd^_s, Urb^_s, Urb^_s
Urb^_s, Urb^_s, Rd^_s, Dd, Dd, Dd, Hd, Dd, Hd, Hd, Mdd, Hd, Mdd, Hd, Dd, Dd, Dd, Rd, Dd, Rd, Dd, Dd, Ds, Hd, Hd, Hd, Hd, Dd, Dd, Dd, Dd, Rd, Ds, Dd, Hd, Hd, Rd^_s, Urb^_s, Urb^_s
Urb^_s, Urb^_s, Rd^_s, Dd, Hd, Hd, Hd, Hd, Mdd, Mdd, Mdd, Mdd, Hd, Hd, Dd, Dd^Edb, Dd^Edb, Dd, Dd, Rd, Dd, Dd, Hd, Hd, Dd, Dd, Dd, Dd, Dd, Dd, Dd, Rd, Dd, Dd, Hd, Hd, Rd^_s, Urb^_s, Urb^_s
Urb^_s, Urb^_s, Urb^_s, Rd^_s, Hd, Mdd, Hd, Hd, Hd, Hd, Hd, Hd, Dd, Dd, Dd, Dd, Dd^Edp, Dd, Dd, Dd, Dd, Dd, Dd, Dd, Dd^Esd, Dd, Ds, Dd, Dd, Dd, Dd, Dd, Hd, Hd, Mdd, Rd^_s, Urb^_s, Urb^_s, Urb^_s
Urb^_s, Urb^_s, Urb^_s, Rd^_s, Dd^Edb, Dd^Dc, Dd, Dd, Ds^Edb, Dd, Dd, Dd, Dd, Dd^Esd, Dd, Ds^Edb, Dd, Dd, Dd, Ds^Edb, Dd, Dd, Dd, Dd, Dd^Edb, Dd, Dd, Dd^Esd, Dd, Dd, Hd, Hd, Mdd, Hd, Mdd, Rd^_s, Urb^_s, Urb^_s, Urb^_s
Urb^_s, Urb^_s, Urb^_s, Rd^_s, Rd^_s, Dd, Rd, Dd, Rd, Rd, Rd, Rd, Rd, Dd^Edb, Dd^Edb, Dd, Dd, Dd, Dd, Dd^Edb, Ds^Edb, Dd, Dd, Dd^Esd, Hd, Dd^Edb, Dd, Ds^Edb, Dd, Dd, Hd, Mdd, Mdd, Hd, Rd^_s, Rd^_s, Urb^_s, Urb^_s, Urb^_s
Urb^_s, Urb^_s, Urb^_s, Urb^_s, Rd^_s, Rd, Rd, Rd, Rd, Rd, Dd, Dd, Ds, Dd, Dd, Dd, Ds, Hd, Hd, Hd, Hd, Hd, Hd, Hd, Dd, Dd, Dd^Esd, Dd, Hd, Hd, Hd, Hd, Hd, Hd, Rd^_s, Urb^_s, Urb^_s, Urb^_s, Urb^_s
Urb^_s, Urb^_s, Urb^_s, Urb^_s, Dd^_s, Rd^_s, Rd^_s, Rd, Dd, Dd, Dd, Dd, Hd, Hd, Mdd, Hd, Hd, Hd, Hd, Mdd, Hd, Hd, Dd, Hd, Dd^Esd, Rd, Ds^Edb, Ds, Hd, Hd, Ds^Edb, Hd, Rd^_s, Rd^_s, Dd^_s, Urb^_s, Urb^_s, Urb^_s, Urb^_s
Urb^_s, Urb^_s, Urb^_s, Urb^_s, Urb^_s, Urb^_s, Rd^_s, Dd, Hd, Hd, Hd, Hd, Mdd, Mdd, Hd, Hd, Hd, Hd, Dd, Dd, Dd, Dd, Dd^Esd, Dd, Rd, Rd, Dd, Hd, Dd, Dd, Dd, Dd, Rd^_s, Urb^_s, Urb^_s, Urb^_s, Urb^_s, Urb^_s, Urb^_s
Urb^_s, Urb^_s, Urb^_s, Urb^_s, Urb^_s, Urb^_s, Urb^_s, Rd^_s, Rd^_s, Mdd, Mdd, Mdd, Mdd, Hd, Dd, Dd, Dd, Dd, Dd, Dd, Dd^Edb, Dd, Rd, Rd, Rd, Rd, Rd, Dd, Rd, Ds, Rd^_s, Rd^_s, Urb^_s, Urb^_s, Urb^_s, Urb^_s, Urb^_s, Urb^_s, Urb^_s
Urb^_s, Urb^_s, Urb^_s, Urb^_s, Urb^_s, Urb^_s, Urb^_s, Urb^_s, Rd^_s, Mdd, Mdd, Mdd, Hd, Hd, Mdd, Mdd, Dd, Dd, Dd^Edb, Dd, Dd, Dd^Edb, Dd, Dd, Dd, Rd, Rd, Rd, Rd, Rd, Rd^_s, Urb^_s, Urb^_s, Urb^_s, Urb^_s, Urb^_s, Urb^_s, Urb^_s, Urb^_s
Urb^_s, Urb^_s, Urb^_s, Urb^_s, Urb^_s, Urb^_s, Urb^_s, Urb^_s, Dd^_s, Rd^_s, Rd^_s, Rd^_s, Rd^_s, Mdd, Mdd, Dd^Edp, Dd, Dd, Hd, Dd, Hd, Hd, Hd, Hd, Dd, Rd, Rd^_s, Rd^_s, Rd^_s, Rd^_s, Dd^_s, Urb^_s, Urb^_s, Urb^_s, Urb^_s, Urb^_s, Urb^_s, Urb^_s, Urb^_s
Urb^_s, Urb^_s, Urb^_s, Urb^_s, Urb^_s, Urb^_s, Urb^_s, Urb^_s, Urb^_s, Urb^_s, Dd^_s, Urb^_s, Dd^_s, Rd^_s, Rd^_s, Rd^_s, Rd^_s, Hd, Hd, Hd, Mdd, Hd, Rd^_s, Rd^_s, Rd^_s, Rd^_s, Dd^_s, Urb^_s, Dd^_s, Urb^_s, Urb^_s, Urb^_s, Urb^_s, Urb^_s, Urb^_s, Urb^_s, Urb^_s, Urb^_s, Urb^_s
Urb^_s, Urb^_s, Urb^_s, Urb^_s, Urb^_s, Urb^_s, Urb^_s, Urb^_s, Urb^_s, Urb^_s, Urb^_s, Urb^_s, Urb^_s, Urb^_s, Dd^_s, Urb^_s, Dd^_s, Rd^_s, Rd^_s, Rd^_s, Rd^_s, Rd^_s, Dd^_s, Urb^_s, Dd^_s, Urb^_s, Urb^_s, Urb^_s, Urb^_s, Urb^_s, Urb^_s, Urb^_s, Urb^_s, Urb^_s, Urb^_s, Urb^_s, Urb^_s, Urb^_s, Urb^_s
Urb^_s, Urb^_s, Urb^_s, Urb^_s, Urb^_s, Urb^_s, Urb^_s, Urb^_s, Urb^_s, Urb^_s, Urb^_s, Urb^_s, Urb^_s, Urb^_s, Urb^_s, Urb^_s, Urb^_s, Urb^_s, Dd^_s, Urb^_s, Dd^_s, Urb^_s, Urb^_s, Urb^_s, Urb^_s, Urb^_s, Urb^_s, Urb^_s, Urb^_s, Urb^_s, Urb^_s, Urb^_s, Urb^_s, Urb^_s, Urb^_s, Urb^_s, Urb^_s, Urb^_s, Urb^_s
